served pid=690810, open 206.2 s
session and map, in the TypeScript core
1%: opening
1%: map
7%: opening
7%: map
85%: opening
85%: map
100%: opening
100%: map
  session.1%.authorise.first                     n=1    median      53.9 ms  p95      53.9  max      53.9
  session.1%.counts.first                        n=1    median     174.7 ms  p95     174.7  max     174.7
  session.1%.first_points.first                  n=1    median    1888.1 ms  p95    1888.1  max    1888.1
  session.1%.last_byte.first                     n=1    median    2851.4 ms  p95    2851.4  max    2851.4
  session.1%.settled.first                       n=1    median    2851.4 ms  p95    2851.4  max    2851.4
  session.1%.authorise.again                     n=1    median       2.0 ms  p95       2.0  max       2.0
  session.1%.counts.again                        n=1    median      23.0 ms  p95      23.0  max      23.0
  session.1%.first_points.again                  n=1    median      34.4 ms  p95      34.4  max      34.4
  session.1%.last_byte.again                     n=1    median     212.6 ms  p95     212.6  max     212.6
  session.1%.settled.again                       n=1    median     279.9 ms  p95     279.9  max     279.9
  session.7%.authorise.first                     n=1    median      18.7 ms  p95      18.7  max      18.7
  session.7%.counts.first                        n=1    median      23.1 ms  p95      23.1  max      23.1
  session.7%.first_points.first                  n=1    median     198.6 ms  p95     198.6  max     198.6
  session.7%.last_byte.first                     n=1    median    1765.3 ms  p95    1765.3  max    1765.3
  session.7%.settled.first                       n=1    median    1765.3 ms  p95    1765.3  max    1765.3
  session.7%.authorise.again                     n=1    median       1.7 ms  p95       1.7  max       1.7
  session.7%.counts.again                        n=1    median      19.8 ms  p95      19.8  max      19.8
  session.7%.first_points.again                  n=1    median      35.7 ms  p95      35.7  max      35.7
  session.7%.last_byte.again                     n=1    median     682.6 ms  p95     682.6  max     682.6
  session.7%.settled.again                       n=1    median     682.6 ms  p95     682.6  max     682.6
  session.85%.authorise.first                    n=1    median     224.9 ms  p95     224.9  max     224.9
  session.85%.counts.first                       n=1    median     170.2 ms  p95     170.2  max     170.2
  session.85%.first_points.first                 n=1    median    4323.4 ms  p95    4323.4  max    4323.4
  session.85%.last_byte.first                    n=1    median   13159.5 ms  p95   13159.5  max   13159.5
  session.85%.settled.first                      n=1    median   13159.5 ms  p95   13159.5  max   13159.5
  session.85%.authorise.again                    n=1    median       1.7 ms  p95       1.7  max       1.7
  session.85%.counts.again                       n=1    median     176.7 ms  p95     176.7  max     176.7
  session.85%.first_points.again                 n=1    median     294.7 ms  p95     294.7  max     294.7
  session.85%.last_byte.again                    n=1    median    5186.9 ms  p95    5186.9  max    5186.9
  session.85%.settled.again                      n=1    median    5186.9 ms  p95    5186.9  max    5186.9
  session.100%.authorise.first                   n=1    median     326.1 ms  p95     326.1  max     326.1
  session.100%.counts.first                      n=1    median     143.7 ms  p95     143.7  max     143.7
  session.100%.first_points.first                n=1    median    1540.9 ms  p95    1540.9  max    1540.9
  session.100%.last_byte.first                   n=1    median    5180.5 ms  p95    5180.5  max    5180.5
  session.100%.settled.first                     n=1    median    5182.3 ms  p95    5182.3  max    5182.3
  session.100%.authorise.again                   n=1    median       1.8 ms  p95       1.8  max       1.8
  session.100%.counts.again                      n=1    median     211.1 ms  p95     211.1  max     211.1
  session.100%.first_points.again                n=1    median     606.5 ms  p95     606.5  max     606.5
  session.100%.last_byte.again                   n=1    median     662.4 ms  p95     662.4  max     662.4
  session.100%.settled.again                     n=1    median     662.4 ms  p95     662.4  max     662.4
  map.1%.z1-4.zoom_in.counts                     n=2    median      26.0 ms  p95     187.0  max     187.0
  map.1%.z1-4.zoom_in.first_points               n=2    median      41.5 ms  p95     212.3  max     212.3
  map.1%.z1-4.zoom_in.last_byte                  n=2    median     498.3 ms  p95     841.3  max     841.3
  map.1%.z5-8.zoom_in.counts                     n=2    median      11.9 ms  p95      12.8  max      12.8
  map.1%.z5-8.zoom_in.first_points               n=2    median      18.6 ms  p95      66.2  max      66.2
  map.1%.z5-8.zoom_in.last_byte                  n=2    median     536.5 ms  p95    1324.1  max    1324.1
  map.1%.z5-8.pan.counts                         n=2    median      10.7 ms  p95      20.4  max      20.4
  map.1%.z5-8.pan.first_points                   n=2    median      15.8 ms  p95      25.8  max      25.8
  map.1%.z5-8.pan.last_byte                      n=2    median     157.5 ms  p95    1042.8  max    1042.8
  map.1%.z9-11.zoom_in.counts                    n=2    median      10.1 ms  p95      13.4  max      13.4
  map.1%.z9-11.zoom_in.first_points              n=2    median      14.0 ms  p95      25.3  max      25.3
  map.1%.z9-11.zoom_in.last_byte                 n=2    median     405.7 ms  p95    1241.8  max    1241.8
  map.1%.z9-11.pan.counts                        n=2    median       6.0 ms  p95       8.7  max       8.7
  map.1%.z9-11.pan.first_points                  n=2    median       7.4 ms  p95      11.5  max      11.5
  map.1%.z9-11.pan.last_byte                     n=2    median      74.0 ms  p95      84.7  max      84.7
  map.1%.z12-14.pan.counts                       n=1    median       9.2 ms  p95       9.2  max       9.2
  map.1%.z12-14.pan.first_points                 n=1    median      12.3 ms  p95      12.3  max      12.3
  map.1%.z12-14.pan.last_byte                    n=1    median     251.0 ms  p95     251.0  max     251.0
  map.7%.z1-4.zoom_in.counts                     n=1    median     590.6 ms  p95     590.6  max     590.6
  map.7%.z1-4.zoom_in.first_points               n=1    median     629.7 ms  p95     629.7  max     629.7
  map.7%.z1-4.zoom_in.last_byte                  n=1    median    1861.4 ms  p95    1861.4  max    1861.4
  map.7%.z5-8.zoom_in.counts                     n=2    median      12.8 ms  p95      73.6  max      73.6
  map.7%.z5-8.zoom_in.first_points               n=2    median      20.7 ms  p95     489.1  max     489.1
  map.7%.z5-8.zoom_in.last_byte                  n=2    median     719.4 ms  p95    1569.7  max    1569.7
  map.7%.z5-8.pan.counts                         n=2    median       9.0 ms  p95      11.9  max      11.9
  map.7%.z5-8.pan.first_points                   n=2    median      10.1 ms  p95      21.7  max      21.7
  map.7%.z5-8.pan.last_byte                      n=2    median      97.6 ms  p95     487.3  max     487.3
  map.7%.z9-11.zoom_in.counts                    n=2    median      11.6 ms  p95      28.4  max      28.4
  map.7%.z9-11.zoom_in.first_points              n=2    median      16.8 ms  p95      40.6  max      40.6
  map.7%.z9-11.zoom_in.last_byte                 n=2    median     514.6 ms  p95    1265.8  max    1265.8
  map.7%.z9-11.pan.counts                        n=2    median       8.1 ms  p95      25.6  max      25.6
  map.7%.z9-11.pan.first_points                  n=2    median       9.5 ms  p95      31.5  max      31.5
  map.7%.z9-11.pan.last_byte                     n=2    median      59.0 ms  p95     595.6  max     595.6
  map.7%.z12-14.zoom_in.counts                   n=1    median      27.7 ms  p95      27.7  max      27.7
  map.7%.z12-14.zoom_in.first_points             n=1    median      31.2 ms  p95      31.2  max      31.2
  map.7%.z12-14.zoom_in.last_byte                n=1    median      98.4 ms  p95      98.4  max      98.4
  map.85%.z1-4.zoom_in.counts                    n=1    median      42.3 ms  p95      42.3  max      42.3
  map.85%.z1-4.zoom_in.first_points              n=1    median      89.0 ms  p95      89.0  max      89.0
  map.85%.z1-4.zoom_in.last_byte                 n=1    median    3393.9 ms  p95    3393.9  max    3393.9
  map.85%.z5-8.zoom_in.counts                    n=2    median     792.3 ms  p95    7649.8  max    7649.8
  map.85%.z5-8.zoom_in.first_points              n=2    median    1082.4 ms  p95    8221.4  max    8221.4
  map.85%.z5-8.zoom_in.last_byte                 n=2    median    3191.7 ms  p95   11576.6  max   11576.6
  map.85%.z5-8.pan.counts                        n=2    median      13.0 ms  p95     201.5  max     201.5
  map.85%.z5-8.pan.first_points                  n=2    median      16.6 ms  p95     236.9  max     236.9
  map.85%.z5-8.pan.last_byte                     n=2    median      72.7 ms  p95    1511.8  max    1511.8
  map.85%.z9-11.zoom_in.counts                   n=2    median      26.7 ms  p95     182.2  max     182.2
  map.85%.z9-11.zoom_in.first_points             n=2    median      52.2 ms  p95     226.9  max     226.9
  map.85%.z9-11.zoom_in.last_byte                n=2    median     523.8 ms  p95    8248.8  max    8248.8
  map.85%.z9-11.pan.counts                       n=2    median       7.3 ms  p95      20.2  max      20.2
  map.85%.z9-11.pan.first_points                 n=2    median      11.2 ms  p95      26.6  max      26.6
  map.85%.z9-11.pan.last_byte                    n=2    median     256.1 ms  p95     369.2  max     369.2
  map.85%.z12-14.zoom_in.counts                  n=2    median       5.5 ms  p95     259.4  max     259.4
  map.85%.z12-14.zoom_in.first_points            n=2    median       5.6 ms  p95     260.1  max     260.1
  map.85%.z12-14.zoom_in.last_byte               n=2    median      13.3 ms  p95     399.5  max     399.5
  map.100%.z1-4.zoom_in.counts                   n=1    median      27.7 ms  p95      27.7  max      27.7
  map.100%.z1-4.zoom_in.first_points             n=1    median      61.7 ms  p95      61.7  max      61.7
  map.100%.z1-4.zoom_in.last_byte                n=1    median    4798.5 ms  p95    4798.5  max    4798.5
  map.100%.z5-8.zoom_in.counts                   n=2    median     650.9 ms  p95    5177.1  max    5177.1
  map.100%.z5-8.zoom_in.first_points             n=2    median     986.1 ms  p95    6855.0  max    6855.0
  map.100%.z5-8.zoom_in.last_byte                n=2    median    3131.7 ms  p95   11244.2  max   11244.2
  map.100%.z5-8.pan.counts                       n=2    median      10.4 ms  p95     117.7  max     117.7
  map.100%.z5-8.pan.first_points                 n=2    median      13.1 ms  p95     128.4  max     128.4
  map.100%.z5-8.pan.last_byte                    n=2    median     421.8 ms  p95    1272.4  max    1272.4
  map.100%.z9-11.zoom_in.counts                  n=2    median      18.1 ms  p95     312.8  max     312.8
  map.100%.z9-11.zoom_in.first_points            n=2    median      28.4 ms  p95     359.7  max     359.7
  map.100%.z9-11.zoom_in.last_byte               n=2    median    1689.8 ms  p95   10236.2  max   10236.2
  map.100%.z9-11.pan.counts                      n=2    median       4.4 ms  p95      92.8  max      92.8
  map.100%.z9-11.pan.first_points                n=2    median       5.0 ms  p95      94.8  max      94.8
  map.100%.z9-11.pan.last_byte                   n=2    median      40.7 ms  p95     446.6  max     446.6
  map.100%.z12-14.zoom_in.counts                 n=1    median       3.6 ms  p95       3.6  max       3.6
  map.100%.z12-14.zoom_in.first_points           n=1    median       4.0 ms  p95       4.0  max       4.0
  map.100%.z12-14.zoom_in.last_byte              n=1    median      14.1 ms  p95      14.1  max      14.1
  map.100%.z12-14.pan.counts                     n=2    median       2.6 ms  p95     535.8  max     535.8
  map.100%.z12-14.pan.first_points               n=2    median       2.7 ms  p95     535.9  max     535.9
  map.100%.z12-14.pan.last_byte                  n=2    median       9.7 ms  p95     562.4  max     562.4
  requests.artifacts.last_byte                   n=16   median     784.0 ms  p95    9190.0  max    9190.0
  requests.counts.last_byte                      n=8    median     143.0 ms  p95     213.0  max     213.0
  requests.marks.last_byte                       n=181  median      29.6 ms  p95    2706.4  max    9423.6
  requests.promotion.last_byte                   n=8    median     289.7 ms  p95    3124.5  max    3124.5
lookups
  lookup.1%.item_card                            n=200  median       1.0 ms  p95      37.7  max     116.2
  lookup.1%.filter_eq_gbifid                     n=200  median       1.2 ms  p95      15.6  max      19.2
  lookup.100%.item_card                          n=200  median      24.0 ms  p95      54.6  max      65.7
  lookup.100%.filter_eq_gbifid                   n=200  median       6.8 ms  p95      16.7  max      21.1
