served pid=325688, open 195.5 s
session and map, in the TypeScript core
1%: opening
1%: map
7%: opening
7%: map
85%: opening
85%: map
100%: opening
100%: map
  session.1%.authorise.first                     n=1    median      62.8 ms  p95      62.8  max      62.8
  session.1%.counts.first                        n=1    median     105.1 ms  p95     105.1  max     105.1
  session.1%.first_points.first                  n=1    median    2055.7 ms  p95    2055.7  max    2055.7
  session.1%.last_byte.first                     n=1    median    2422.6 ms  p95    2422.6  max    2422.6
  session.1%.settled.first                       n=1    median    2422.6 ms  p95    2422.6  max    2422.6
  session.1%.authorise.again                     n=1    median       1.6 ms  p95       1.6  max       1.6
  session.1%.counts.again                        n=1    median      21.5 ms  p95      21.5  max      21.5
  session.1%.first_points.again                  n=1    median      33.3 ms  p95      33.3  max      33.3
  session.1%.last_byte.again                     n=1    median     259.8 ms  p95     259.8  max     259.8
  session.1%.settled.again                       n=1    median     276.1 ms  p95     276.1  max     276.1
  session.7%.authorise.first                     n=1    median      17.5 ms  p95      17.5  max      17.5
  session.7%.counts.first                        n=1    median      27.3 ms  p95      27.3  max      27.3
  session.7%.first_points.first                  n=1    median     179.3 ms  p95     179.3  max     179.3
  session.7%.last_byte.first                     n=1    median    1565.9 ms  p95    1565.9  max    1565.9
  session.7%.settled.first                       n=1    median    1565.9 ms  p95    1565.9  max    1565.9
  session.7%.authorise.again                     n=1    median       1.5 ms  p95       1.5  max       1.5
  session.7%.counts.again                        n=1    median      25.2 ms  p95      25.2  max      25.2
  session.7%.first_points.again                  n=1    median      45.3 ms  p95      45.3  max      45.3
  session.7%.last_byte.again                     n=1    median     740.7 ms  p95     740.7  max     740.7
  session.7%.settled.again                       n=1    median     740.7 ms  p95     740.7  max     740.7
  session.85%.authorise.first                    n=1    median     224.7 ms  p95     224.7  max     224.7
  session.85%.counts.first                       n=1    median     191.9 ms  p95     191.9  max     191.9
  session.85%.first_points.first                 n=1    median    2215.1 ms  p95    2215.1  max    2215.1
  session.85%.last_byte.first                    n=1    median   13794.3 ms  p95   13794.3  max   13794.3
  session.85%.settled.first                      n=1    median   13794.3 ms  p95   13794.3  max   13794.3
  session.85%.authorise.again                    n=1    median       1.6 ms  p95       1.6  max       1.6
  session.85%.counts.again                       n=1    median     175.0 ms  p95     175.0  max     175.0
  session.85%.first_points.again                 n=1    median     259.8 ms  p95     259.8  max     259.8
  session.85%.last_byte.again                    n=1    median    4948.4 ms  p95    4948.4  max    4948.4
  session.85%.settled.again                      n=1    median    4948.4 ms  p95    4948.4  max    4948.4
  session.100%.authorise.first                   n=1    median     337.0 ms  p95     337.0  max     337.0
  session.100%.counts.first                      n=1    median     158.5 ms  p95     158.5  max     158.5
  session.100%.first_points.first                n=1    median    4072.6 ms  p95    4072.6  max    4072.6
  session.100%.last_byte.first                   n=1    median    7362.8 ms  p95    7362.8  max    7362.8
  session.100%.settled.first                     n=1    median    7364.9 ms  p95    7364.9  max    7364.9
  session.100%.authorise.again                   n=1    median       1.6 ms  p95       1.6  max       1.6
  session.100%.counts.again                      n=1    median     140.3 ms  p95     140.3  max     140.3
  session.100%.first_points.again                n=1    median     477.7 ms  p95     477.7  max     477.7
  session.100%.last_byte.again                   n=1    median     527.7 ms  p95     527.7  max     527.7
  session.100%.settled.again                     n=1    median     527.7 ms  p95     527.7  max     527.7
  map.1%.z1-4.zoom_in.counts                     n=2    median      23.5 ms  p95     183.9  max     183.9
  map.1%.z1-4.zoom_in.first_points               n=2    median      39.6 ms  p95     208.2  max     208.2
  map.1%.z1-4.zoom_in.last_byte                  n=2    median     484.0 ms  p95     833.4  max     833.4
  map.1%.z5-8.zoom_in.counts                     n=2    median      10.1 ms  p95      16.6  max      16.6
  map.1%.z5-8.zoom_in.first_points               n=2    median      22.9 ms  p95      33.5  max      33.5
  map.1%.z5-8.zoom_in.last_byte                  n=2    median     587.9 ms  p95     717.0  max     717.0
  map.1%.z5-8.pan.counts                         n=2    median      10.3 ms  p95      19.9  max      19.9
  map.1%.z5-8.pan.first_points                   n=2    median      14.3 ms  p95      27.8  max      27.8
  map.1%.z5-8.pan.last_byte                      n=2    median     156.7 ms  p95     829.3  max     829.3
  map.1%.z9-11.zoom_in.counts                    n=2    median      10.0 ms  p95      13.6  max      13.6
  map.1%.z9-11.zoom_in.first_points              n=2    median      13.9 ms  p95      24.4  max      24.4
  map.1%.z9-11.zoom_in.last_byte                 n=2    median     366.3 ms  p95    1089.2  max    1089.2
  map.1%.z9-11.pan.counts                        n=2    median       7.0 ms  p95       8.3  max       8.3
  map.1%.z9-11.pan.first_points                  n=2    median       8.5 ms  p95      11.0  max      11.0
  map.1%.z9-11.pan.last_byte                     n=2    median      76.8 ms  p95      85.6  max      85.6
  map.1%.z12-14.pan.counts                       n=1    median      10.8 ms  p95      10.8  max      10.8
  map.1%.z12-14.pan.first_points                 n=1    median      14.4 ms  p95      14.4  max      14.4
  map.1%.z12-14.pan.last_byte                    n=1    median     282.1 ms  p95     282.1  max     282.1
  map.7%.z1-4.zoom_in.counts                     n=1    median     650.5 ms  p95     650.5  max     650.5
  map.7%.z1-4.zoom_in.first_points               n=1    median     724.0 ms  p95     724.0  max     724.0
  map.7%.z1-4.zoom_in.last_byte                  n=1    median    2186.5 ms  p95    2186.5  max    2186.5
  map.7%.z5-8.zoom_in.counts                     n=2    median      24.5 ms  p95      90.6  max      90.6
  map.7%.z5-8.zoom_in.first_points               n=2    median      33.0 ms  p95     147.9  max     147.9
  map.7%.z5-8.zoom_in.last_byte                  n=2    median     767.9 ms  p95    1203.3  max    1203.3
  map.7%.z5-8.pan.counts                         n=2    median       8.3 ms  p95      12.7  max      12.7
  map.7%.z5-8.pan.first_points                   n=2    median       9.5 ms  p95      22.4  max      22.4
  map.7%.z5-8.pan.last_byte                      n=2    median      84.4 ms  p95     480.1  max     480.1
  map.7%.z9-11.zoom_in.counts                    n=2    median      10.6 ms  p95      31.1  max      31.1
  map.7%.z9-11.zoom_in.first_points              n=2    median      15.7 ms  p95      49.2  max      49.2
  map.7%.z9-11.zoom_in.last_byte                 n=2    median     491.2 ms  p95    1352.6  max    1352.6
  map.7%.z9-11.pan.counts                        n=2    median       8.5 ms  p95      31.2  max      31.2
  map.7%.z9-11.pan.first_points                  n=2    median       9.8 ms  p95      38.3  max      38.3
  map.7%.z9-11.pan.last_byte                     n=2    median      58.8 ms  p95     650.7  max     650.7
  map.7%.z12-14.zoom_in.counts                   n=1    median      28.1 ms  p95      28.1  max      28.1
  map.7%.z12-14.zoom_in.first_points             n=1    median      31.3 ms  p95      31.3  max      31.3
  map.7%.z12-14.zoom_in.last_byte                n=1    median     105.5 ms  p95     105.5  max     105.5
  map.85%.z1-4.zoom_in.counts                    n=1    median      41.6 ms  p95      41.6  max      41.6
  map.85%.z1-4.zoom_in.first_points              n=1    median      70.3 ms  p95      70.3  max      70.3
  map.85%.z1-4.zoom_in.last_byte                 n=1    median    3444.9 ms  p95    3444.9  max    3444.9
  map.85%.z5-8.zoom_in.counts                    n=2    median    1290.1 ms  p95    7790.2  max    7790.2
  map.85%.z5-8.zoom_in.first_points              n=2    median    1783.1 ms  p95    8421.4  max    8421.4
  map.85%.z5-8.zoom_in.last_byte                 n=2    median    3997.8 ms  p95   11760.8  max   11760.8
  map.85%.z5-8.pan.counts                        n=2    median      18.7 ms  p95     205.9  max     205.9
  map.85%.z5-8.pan.first_points                  n=2    median      24.5 ms  p95     272.4  max     272.4
  map.85%.z5-8.pan.last_byte                     n=2    median      73.0 ms  p95    1610.5  max    1610.5
  map.85%.z9-11.zoom_in.counts                   n=2    median      26.8 ms  p95     121.2  max     121.2
  map.85%.z9-11.zoom_in.first_points             n=2    median      60.7 ms  p95     179.2  max     179.2
  map.85%.z9-11.zoom_in.last_byte                n=2    median     532.4 ms  p95    6798.4  max    6798.4
  map.85%.z9-11.pan.counts                       n=2    median       9.5 ms  p95      49.0  max      49.0
  map.85%.z9-11.pan.first_points                 n=2    median      15.1 ms  p95      86.9  max      86.9
  map.85%.z9-11.pan.last_byte                    n=2    median     253.5 ms  p95     435.6  max     435.6
  map.85%.z12-14.zoom_in.counts                  n=2    median       5.9 ms  p95     209.1  max     209.1
  map.85%.z12-14.zoom_in.first_points            n=2    median       6.1 ms  p95     209.8  max     209.8
  map.85%.z12-14.zoom_in.last_byte               n=2    median      12.9 ms  p95     402.4  max     402.4
  map.100%.z1-4.zoom_in.counts                   n=1    median      26.8 ms  p95      26.8  max      26.8
  map.100%.z1-4.zoom_in.first_points             n=1    median      62.8 ms  p95      62.8  max      62.8
  map.100%.z1-4.zoom_in.last_byte                n=1    median    4418.9 ms  p95    4418.9  max    4418.9
  map.100%.z5-8.zoom_in.counts                   n=2    median    1362.9 ms  p95    6763.9  max    6763.9
  map.100%.z5-8.zoom_in.first_points             n=2    median    1797.2 ms  p95    7905.1  max    7905.1
  map.100%.z5-8.zoom_in.last_byte                n=2    median    3872.7 ms  p95   11206.1  max   11206.1
  map.100%.z5-8.pan.counts                       n=2    median       7.4 ms  p95      77.4  max      77.4
  map.100%.z5-8.pan.first_points                 n=2    median      12.1 ms  p95     101.5  max     101.5
  map.100%.z5-8.pan.last_byte                    n=2    median     416.4 ms  p95    1315.1  max    1315.1
  map.100%.z9-11.zoom_in.counts                  n=2    median      20.9 ms  p95     264.5  max     264.5
  map.100%.z9-11.zoom_in.first_points            n=2    median      47.1 ms  p95     348.9  max     348.9
  map.100%.z9-11.zoom_in.last_byte               n=2    median    2037.2 ms  p95    8183.5  max    8183.5
  map.100%.z9-11.pan.counts                      n=2    median       4.4 ms  p95      20.7  max      20.7
  map.100%.z9-11.pan.first_points                n=2    median       4.9 ms  p95      59.1  max      59.1
  map.100%.z9-11.pan.last_byte                   n=2    median      44.4 ms  p95     434.8  max     434.8
  map.100%.z12-14.zoom_in.counts                 n=1    median       3.4 ms  p95       3.4  max       3.4
  map.100%.z12-14.zoom_in.first_points           n=1    median       3.5 ms  p95       3.5  max       3.5
  map.100%.z12-14.zoom_in.last_byte              n=1    median      13.2 ms  p95      13.2  max      13.2
  map.100%.z12-14.pan.counts                     n=2    median       2.3 ms  p95     438.8  max     438.8
  map.100%.z12-14.pan.first_points               n=2    median       2.3 ms  p95     438.9  max     438.9
  map.100%.z12-14.pan.last_byte                  n=2    median       8.8 ms  p95     463.7  max     463.7
  requests.artifacts.last_byte                   n=16   median     558.1 ms  p95    8316.2  max    8316.2
  requests.counts.last_byte                      n=8    median      98.5 ms  p95     173.9  max     173.9
  requests.marks.last_byte                       n=181  median      28.2 ms  p95    2425.2  max    9391.7
  requests.promotion.last_byte                   n=8    median     299.0 ms  p95    3123.8  max    3123.8
lookups
  lookup.1%.item_card                            n=200  median       1.0 ms  p95      44.7  max     157.4
  lookup.1%.filter_eq_gbifid                     n=200  median       1.1 ms  p95      14.2  max      18.1
  lookup.100%.item_card                          n=200  median      38.5 ms  p95      55.1  max      63.7
  lookup.100%.filter_eq_gbifid                   n=200  median       7.4 ms  p95      17.7  max      30.1
