cmd: /home/user/code/tessera/probes/2026-09-02-value-suggestion/suggestprobe/target/release/suggestprobe arm3 /home/user/code/tessera/data/ladder/probe-suggest 10000000 uniform
== arm3 uniform V=10000000
open: PostingsReader::open(10000000 records) median of 3: mmap 0.057s, read 0.365s (page-cache warm)
fixture: N=100000000 V=10000000; member counts read in 0.15s; 453 empty, 0 Roaring, max 31
-- candidate 1e-4 contiguous |cand|=10000
   setup (i) value column pass: roaring add 0.5 ms | bitset 0.2 ms | collect+sort+add_many 0.5 ms  → 9996 visible values
   setup (ii) all-postings pass: narrow 0.72 s | intersect 0.39 s   (72 ns / 39 ns per value)
   visible set bytes: roaring portable 21.2 KB (run-optimised 21.2 KB) | V bits 1250.0 KB | 4V bits 5000.0 KB  (density 0.100%)
   keystroke prefix 1: roaring reset_at_or_after n=1000 median 0.33 us  p99 5.38 us  mean 0.65 us  max 95.4 us | bitset scan median 0.52 us p99 1.07 us | page filled 990/1000 mean emitted 19.9
   keystroke prefix 2: roaring reset_at_or_after n=1000 median 1.17 us  p99 46.09 us  mean 2.52 us  max 150.3 us | bitset scan median 0.65 us p99 1.80 us | page filled 809/1000 mean emitted 17.7
   keystroke prefix 3: roaring reset_at_or_after n=1000 median 1.83 us  p99 33.11 us  mean 3.14 us  max 186.8 us | bitset scan median 0.49 us p99 1.64 us | page filled 212/1000 mean emitted 8.6
   keystroke prefix 4: roaring reset_at_or_after n=1000 median 1.77 us  p99 24.33 us  mean 2.49 us  max 119.0 us | bitset scan median 0.35 us p99 0.90 us | page filled 70/1000 mean emitted 3.8
-- candidate 1e-4 scattered |cand|=9860
   setup (i) value column pass: roaring add 2.0 ms | bitset 0.7 ms | collect+sort+add_many 0.3 ms  → 9856 visible values
   setup (ii) all-postings pass: narrow 4.27 s | intersect 3.96 s   (427 ns / 396 ns per value)
   visible set bytes: roaring portable 20.9 KB (run-optimised 20.9 KB) | V bits 1250.0 KB | 4V bits 5000.0 KB  (density 0.099%)
   keystroke prefix 1: roaring reset_at_or_after n=1000 median 0.32 us  p99 3.71 us  mean 0.42 us  max 7.3 us | bitset scan median 0.51 us p99 0.93 us | page filled 990/1000 mean emitted 19.9
   keystroke prefix 2: roaring reset_at_or_after n=1000 median 1.11 us  p99 4.53 us  mean 1.38 us  max 13.4 us | bitset scan median 0.64 us p99 1.12 us | page filled 806/1000 mean emitted 17.7
   keystroke prefix 3: roaring reset_at_or_after n=1000 median 1.69 us  p99 3.54 us  mean 1.84 us  max 51.6 us | bitset scan median 0.46 us p99 0.89 us | page filled 214/1000 mean emitted 8.6
   keystroke prefix 4: roaring reset_at_or_after n=1000 median 1.57 us  p99 2.90 us  mean 1.62 us  max 13.3 us | bitset scan median 0.34 us p99 0.73 us | page filled 65/1000 mean emitted 3.7
-- candidate 1e-3 contiguous |cand|=100000
   setup (i) value column pass: roaring add 5.9 ms | bitset 1.0 ms | collect+sort+add_many 1.7 ms  → 99490 visible values
   setup (ii) all-postings pass: narrow 0.74 s | intersect 0.41 s   (74 ns / 41 ns per value)
   visible set bytes: roaring portable 200.2 KB (run-optimised 200.2 KB) | V bits 1250.0 KB | 4V bits 5000.0 KB  (density 0.995%)
   keystroke prefix 1: roaring reset_at_or_after n=1000 median 0.34 us  p99 4.35 us  mean 0.47 us  max 19.5 us | bitset scan median 0.27 us p99 0.68 us | page filled 997/1000 mean emitted 20.0
   keystroke prefix 2: roaring reset_at_or_after n=1000 median 1.15 us  p99 4.43 us  mean 1.50 us  max 38.4 us | bitset scan median 0.45 us p99 0.76 us | page filled 961/1000 mean emitted 19.6
   keystroke prefix 3: roaring reset_at_or_after n=1000 median 1.72 us  p99 3.60 us  mean 1.87 us  max 34.6 us | bitset scan median 0.47 us p99 0.86 us | page filled 734/1000 mean emitted 16.7
   keystroke prefix 4: roaring reset_at_or_after n=1000 median 1.62 us  p99 3.00 us  mean 1.81 us  max 50.4 us | bitset scan median 0.41 us p99 0.74 us | page filled 360/1000 mean emitted 10.2
-- candidate 1e-3 scattered |cand|=99809
   setup (i) value column pass: roaring add 16.6 ms | bitset 5.4 ms | collect+sort+add_many 2.8 ms  → 99305 visible values
   setup (ii) all-postings pass: narrow 4.46 s | intersect 4.08 s   (446 ns / 408 ns per value)
   visible set bytes: roaring portable 199.8 KB (run-optimised 199.8 KB) | V bits 1250.0 KB | 4V bits 5000.0 KB  (density 0.993%)
   keystroke prefix 1: roaring reset_at_or_after n=1000 median 0.34 us  p99 4.14 us  mean 0.46 us  max 13.7 us | bitset scan median 0.27 us p99 0.68 us | page filled 998/1000 mean emitted 20.0
   keystroke prefix 2: roaring reset_at_or_after n=1000 median 1.12 us  p99 4.17 us  mean 1.38 us  max 12.6 us | bitset scan median 0.45 us p99 0.74 us | page filled 962/1000 mean emitted 19.6
   keystroke prefix 3: roaring reset_at_or_after n=1000 median 1.75 us  p99 3.61 us  mean 1.83 us  max 15.7 us | bitset scan median 0.48 us p99 0.74 us | page filled 736/1000 mean emitted 16.7
   keystroke prefix 4: roaring reset_at_or_after n=1000 median 1.95 us  p99 5.03 us  mean 2.09 us  max 19.1 us | bitset scan median 0.44 us p99 0.85 us | page filled 360/1000 mean emitted 10.2
-- candidate 1e-2 contiguous |cand|=1000000
   setup (i) value column pass: roaring add 75.3 ms | bitset 5.6 ms | collect+sort+add_many 20.8 ms  → 951496 visible values
   setup (ii) all-postings pass: narrow 0.91 s | intersect 0.52 s   (91 ns / 52 ns per value)
   visible set bytes: roaring portable 1253.9 KB (run-optimised 1253.9 KB) | V bits 1250.0 KB | 4V bits 5000.0 KB  (density 9.515%)
   keystroke prefix 1: roaring reset_at_or_after n=1000 median 0.34 us  p99 4.17 us  mean 0.47 us  max 17.9 us | bitset scan median 0.26 us p99 0.64 us | page filled 999/1000 mean emitted 20.0
   keystroke prefix 2: roaring reset_at_or_after n=1000 median 1.15 us  p99 4.76 us  mean 1.44 us  max 13.1 us | bitset scan median 0.38 us p99 0.67 us | page filled 995/1000 mean emitted 20.0
   keystroke prefix 3: roaring reset_at_or_after n=1000 median 1.87 us  p99 3.99 us  mean 1.97 us  max 20.5 us | bitset scan median 0.42 us p99 0.69 us | page filled 943/1000 mean emitted 19.3
   keystroke prefix 4: roaring reset_at_or_after n=1000 median 1.80 us  p99 3.27 us  mean 1.84 us  max 13.2 us | bitset scan median 0.41 us p99 0.69 us | page filled 710/1000 mean emitted 16.2
-- candidate 1e-2 scattered |cand|=999431
   setup (i) value column pass: roaring add 145.3 ms | bitset 44.7 ms | collect+sort+add_many 42.7 ms  → 951100 visible values
   setup (ii) all-postings pass: narrow 6.78 s | intersect 6.29 s   (678 ns / 629 ns per value)
   visible set bytes: roaring portable 1253.6 KB (run-optimised 1253.6 KB) | V bits 1250.0 KB | 4V bits 5000.0 KB  (density 9.511%)
   keystroke prefix 1: roaring reset_at_or_after n=1000 median 0.36 us  p99 20.68 us  mean 1.23 us  max 124.9 us | bitset scan median 0.25 us p99 0.93 us | page filled 999/1000 mean emitted 20.0
   keystroke prefix 2: roaring reset_at_or_after n=1000 median 1.74 us  p99 63.30 us  mean 5.07 us  max 173.9 us | bitset scan median 0.41 us p99 1.36 us | page filled 995/1000 mean emitted 20.0
   keystroke prefix 3: roaring reset_at_or_after n=1000 median 2.78 us  p99 75.90 us  mean 8.30 us  max 178.6 us | bitset scan median 0.46 us p99 1.67 us | page filled 941/1000 mean emitted 19.3
   keystroke prefix 4: roaring reset_at_or_after n=1000 median 2.38 us  p99 59.82 us  mean 6.95 us  max 120.2 us | bitset scan median 0.45 us p99 1.26 us | page filled 723/1000 mean emitted 16.2
-- candidate 1e-1 contiguous |cand|=10000000
   setup (i) value column pass: roaring add 296.2 ms | bitset 49.8 ms | collect+sort+add_many 226.5 ms  → 6321021 visible values
   setup (ii) all-postings pass: narrow 1.84 s | intersect 0.75 s   (184 ns / 75 ns per value)
   visible set bytes: roaring portable 1254.6 KB (run-optimised 1254.6 KB) | V bits 1250.0 KB | 4V bits 5000.0 KB  (density 63.210%)
   keystroke prefix 1: roaring reset_at_or_after n=1000 median 0.33 us  p99 6.43 us  mean 0.58 us  max 37.1 us | bitset scan median 0.26 us p99 0.57 us | page filled 1000/1000 mean emitted 20.0
   keystroke prefix 2: roaring reset_at_or_after n=1000 median 1.13 us  p99 4.44 us  mean 1.45 us  max 37.5 us | bitset scan median 0.35 us p99 0.69 us | page filled 1000/1000 mean emitted 20.0
   keystroke prefix 3: roaring reset_at_or_after n=1000 median 1.82 us  p99 3.98 us  mean 2.06 us  max 35.0 us | bitset scan median 0.40 us p99 0.69 us | page filled 986/1000 mean emitted 19.8
   keystroke prefix 4: roaring reset_at_or_after n=1000 median 1.78 us  p99 3.43 us  mean 1.95 us  max 35.4 us | bitset scan median 0.40 us p99 0.68 us | page filled 898/1000 mean emitted 18.7
-- candidate 1e-1 scattered |cand|=9999273
   setup (i) value column pass: roaring add 330.2 ms | bitset 62.8 ms | collect+sort+add_many 249.4 ms  → 6321158 visible values
   setup (ii) all-postings pass: narrow 6.45 s | intersect 3.58 s   (645 ns / 358 ns per value)
   visible set bytes: roaring portable 1254.6 KB (run-optimised 1254.6 KB) | V bits 1250.0 KB | 4V bits 5000.0 KB  (density 63.212%)
   keystroke prefix 1: roaring reset_at_or_after n=1000 median 0.33 us  p99 6.14 us  mean 0.53 us  max 24.2 us | bitset scan median 0.25 us p99 0.63 us | page filled 1000/1000 mean emitted 20.0
   keystroke prefix 2: roaring reset_at_or_after n=1000 median 1.31 us  p99 5.08 us  mean 1.68 us  max 27.3 us | bitset scan median 0.35 us p99 0.70 us | page filled 1000/1000 mean emitted 20.0
   keystroke prefix 3: roaring reset_at_or_after n=1000 median 2.28 us  p99 4.31 us  mean 2.33 us  max 14.3 us | bitset scan median 0.41 us p99 0.70 us | page filled 986/1000 mean emitted 19.8
   keystroke prefix 4: roaring reset_at_or_after n=1000 median 1.99 us  p99 3.33 us  mean 2.03 us  max 14.0 us | bitset scan median 0.40 us p99 0.67 us | page filled 895/1000 mean emitted 18.7
end: RSS 1977 MB peak 2023 MB heap 878 MB
