staging /home/joe/code/tessera/data/ladder/paperseek/staging
output  /home/joe/code/tessera/data/ladder/paperseek
[sample] ...
[sample] 0.24s
102,117,343 works sampled from 102,117,343
[route knn] ...
    gather fit set: 216.3s
    shard 1/1: build 16.6s, 1,500,000 queries in 16.3s (92,009/s)
    knn: 32.9s
    umap: 27.2s
    place: 1208.3s
[route knn] 1487.46s
  route knn: x [-17.67, 20.10] y [-13.09, 14.56]  (peak so far 18.4 GB)
  dropped /home/joe/code/tessera/data/ladder/paperseek/staging/vectors.f16 — 194.8 GiB
[k-means] ...
[k-means] 48.27s
256 clusters by whole, sizes 187..1,056,873 (median 459,697)
[vectorise titles] ...
[vectorise titles] 82.62s
104,680 candidate terms over 4,000,000 titles
[titles] ...
[titles] 2.33s
254 of 256 clusters got a distinctive title
[resolve, layer and points] ...
    1,142,856/102,117,343  (18.4 GB)
    2,000,000/102,117,343  (18.4 GB)
    3,142,856/102,117,343  (18.4 GB)
    4,000,000/102,117,343  (18.4 GB)
    5,142,856/102,117,343  (18.4 GB)
    6,000,000/102,117,343  (18.4 GB)
    7,104,504/102,117,343  (18.4 GB)
    8,237,772/102,117,343  (18.4 GB)
    9,094,914/102,117,343  (18.4 GB)
    10,237,772/102,117,343  (18.4 GB)
    11,094,914/102,117,343  (18.4 GB)
    12,237,772/102,117,343  (18.4 GB)
    13,094,914/102,117,343  (18.4 GB)
    14,237,772/102,117,343  (18.4 GB)
    15,094,914/102,117,343  (18.4 GB)
    16,237,772/102,117,343  (18.4 GB)
    17,094,914/102,117,343  (18.4 GB)
    18,285,022/102,117,343  (18.4 GB)
    19,189,416/102,117,343  (18.4 GB)
    20,256,020/102,117,343  (18.4 GB)
    21,075,037/102,117,343  (18.4 GB)
    22,217,893/102,117,343  (18.4 GB)
    23,075,037/102,117,343  (18.4 GB)
    24,217,893/102,117,343  (18.4 GB)
    25,075,037/102,117,343  (18.4 GB)
    26,217,893/102,117,343  (18.4 GB)
    27,075,037/102,117,343  (18.4 GB)
    28,217,893/102,117,343  (18.4 GB)
    29,075,037/102,117,343  (18.4 GB)
    30,217,893/102,117,343  (18.4 GB)
    31,082,781/102,117,343  (18.4 GB)
    32,256,615/102,117,343  (18.4 GB)
    33,113,757/102,117,343  (18.4 GB)
    34,256,615/102,117,343  (18.4 GB)
    35,113,757/102,117,343  (18.4 GB)
    36,256,615/102,117,343  (18.4 GB)
    37,111,792/102,117,343  (18.4 GB)
    38,252,032/102,117,343  (18.4 GB)
    39,109,174/102,117,343  (18.4 GB)
    40,252,032/102,117,343  (18.4 GB)
    41,109,174/102,117,343  (18.4 GB)
    42,252,032/102,117,343  (18.4 GB)
    43,109,174/102,117,343  (18.4 GB)
    44,252,032/102,117,343  (18.4 GB)
    45,139,291/102,117,343  (18.4 GB)
    46,016,514/102,117,343  (18.4 GB)
    47,159,370/102,117,343  (18.4 GB)
    48,016,514/102,117,343  (18.4 GB)
    49,159,370/102,117,343  (18.4 GB)
    50,000,158/102,117,343  (18.4 GB)
    51,077,590/102,117,343  (18.4 GB)
    52,187,735/102,117,343  (18.4 GB)
    53,044,877/102,117,343  (18.4 GB)
    54,187,735/102,117,343  (18.4 GB)
    55,044,877/102,117,343  (18.4 GB)
    56,187,735/102,117,343  (18.4 GB)
    57,044,877/102,117,343  (18.4 GB)
    58,187,735/102,117,343  (18.4 GB)
    59,044,877/102,117,343  (18.4 GB)
    60,187,735/102,117,343  (18.4 GB)
    61,044,877/102,117,343  (18.4 GB)
    62,187,735/102,117,343  (18.4 GB)
    63,044,877/102,117,343  (18.4 GB)
    64,177,899/102,117,343  (18.4 GB)
    65,020,287/102,117,343  (18.4 GB)
    66,153,312/102,117,343  (18.4 GB)
    67,010,454/102,117,343  (18.4 GB)
    68,153,312/102,117,343  (18.4 GB)
    69,010,454/102,117,343  (18.4 GB)
    70,127,890/102,117,343  (18.4 GB)
    71,219,906/102,117,343  (18.4 GB)
    72,099,752/102,117,343  (18.4 GB)
    73,265,315/102,117,343  (18.4 GB)
    74,122,457/102,117,343  (18.4 GB)
    75,265,315/102,117,343  (18.4 GB)
    76,122,457/102,117,343  (18.4 GB)
    77,262,404/102,117,343  (18.4 GB)
    78,110,813/102,117,343  (18.4 GB)
    79,250,760/102,117,343  (18.4 GB)
    80,107,902/102,117,343  (18.4 GB)
    81,250,760/102,117,343  (18.4 GB)
    82,107,902/102,117,343  (18.4 GB)
    83,250,760/102,117,343  (18.4 GB)
    84,107,902/102,117,343  (18.4 GB)
    85,250,760/102,117,343  (18.4 GB)
    86,107,902/102,117,343  (18.4 GB)
    87,250,760/102,117,343  (18.4 GB)
    88,107,902/102,117,343  (18.4 GB)
    89,182,492/102,117,343  (18.4 GB)
    90,257,083/102,117,343  (18.4 GB)
    91,114,225/102,117,343  (18.4 GB)
    92,257,083/102,117,343  (18.4 GB)
    93,114,225/102,117,343  (18.4 GB)
    94,257,083/102,117,343  (18.4 GB)
    95,114,225/102,117,343  (18.4 GB)
    96,257,083/102,117,343  (18.4 GB)
    97,114,225/102,117,343  (18.4 GB)
    98,257,083/102,117,343  (18.4 GB)
    99,114,225/102,117,343  (18.4 GB)
    100,234,137/102,117,343  (18.4 GB)
    101,138,891/102,117,343  (18.4 GB)
    102,117,343/102,117,343  (18.4 GB)
[resolve, layer and points] 980.06s
licence: 22,814,890 of 102,117,343 (22.3%) carry a real one, over 11 keys; 98,894,561 (96.8%) carry a year; 42,549,161 (41.7%) are open access; 98,581,482 carry a topic
[write artifacts] ...
[write artifacts] 0.0s
[write members] ...
[write members] 6.53s
5,054 artifacts, 496,511,218 member rows across 2 layers
[write the demo's terms] ...
11 terms; top five unlicensed 79,302,453, cc-by 14,028,593, cc-by-nc-nd 2,864,246, cc-by-nc 2,127,041, other-oa 1,503,856
[write the demo's terms] 0.0s
minted TESSERA_IDENTITY_KEY, TESSERA_PAPERSEEK_SESSION_CRED, TESSERA_PAPERSEEK_OPERATOR_CRED in /home/joe/code/tessera/data/ladder/paperseek/.env

wrote to /home/joe/code/tessera/data/ladder/paperseek:
  .env                                     0.00 MB
  clusters-kmeans-members.parquet        174.27 MB
  clusters-kmeans.parquet                  0.01 MB
  corpus.toml                              0.01 MB
  layout-knn.npy                         816.94 MB
  licence-ranks.json                       0.00 MB
  licence-terms.txt                        0.00 MB
  manifest.json                            0.00 MB
  points.parquet                       52225.76 MB
  tessera.toml                             0.00 MB
  topics-openalex-members.parquet        728.84 MB
  topics-openalex.parquet                  0.14 MB
  vocab-licence.parquet                    0.00 MB
  vocab-type.parquet                       0.00 MB

next:
  cd /home/joe/code/tessera/data/ladder/paperseek && tessera check --payloads && tessera build --stage-timings
