share   /mnt/nas/tessera/datasets/paperseek-openalex/2026-08-27
staging /home/user/code/tessera/data/ladder/paperseek/staging
102,117,343 rows x 1024
chunk  0  already staged
chunk  1  2,000,000 rows  title 99.7%  abstract 99.9%  zero-norm    0  255s  (peak 7.0 GB)
chunk  2  2,000,000 rows  title 100.0%  abstract 100.0%  zero-norm    0  204s  (peak 10.5 GB)
chunk  4  1,380,630 rows  title 99.9%  abstract 100.0%  zero-norm    0  148s  (peak 12.9 GB)
chunk  5  2,000,000 rows  title 99.8%  abstract 99.9%  zero-norm    0  182s  (peak 15.1 GB)
chunk  6  2,000,000 rows  title 99.6%  abstract 99.9%  zero-norm    0  189s  (peak 15.7 GB)
chunk  7  2,000,000 rows  title 99.8%  abstract 99.9%  zero-norm    0  214s  (peak 17.0 GB)
chunk  8  2,000,000 rows  title 100.0%  abstract 100.0%  zero-norm    0  216s  (peak 17.0 GB)
chunk  9  2,000,000 rows  title 99.9%  abstract 100.0%  zero-norm    0  219s  (peak 17.0 GB)
chunk 10  1,808,786 rows  title 99.4%  abstract 99.9%  zero-norm    0  178s  (peak 17.9 GB)
chunk 11  1,599,907 rows  title 99.1%  abstract 99.8%  zero-norm    0  152s  (peak 17.9 GB)
chunk 12  2,000,000 rows  title 99.9%  abstract 100.0%  zero-norm    0  175s  (peak 17.9 GB)
chunk 13  2,000,000 rows  title 100.0%  abstract 100.0%  zero-norm    0  188s  (peak 17.9 GB)
chunk 14  2,000,000 rows  title 99.5%  abstract 99.8%  zero-norm    0  181s  (peak 17.9 GB)
chunk 15  2,000,000 rows  title 99.9%  abstract 100.0%  zero-norm    0  188s  (peak 17.9 GB)
chunk 16  2,000,000 rows  title 99.9%  abstract 100.0%  zero-norm    0  193s  (peak 17.9 GB)
chunk 17  1,467,292 rows  title 99.9%  abstract 99.9%  zero-norm    0  134s  (peak 17.9 GB)
chunk 18  2,000,000 rows  title 99.9%  abstract 99.9%  zero-norm    0  193s  (peak 17.9 GB)
chunk 19  2,000,000 rows  title 100.0%  abstract 100.0%  zero-norm    0  192s  (peak 17.9 GB)
chunk 20  1,995,417 rows  title 99.6%  abstract 99.9%  zero-norm    0  184s  (peak 17.9 GB)
chunk 21  2,000,000 rows  title 99.9%  abstract 99.9%  zero-norm    0  192s  (peak 17.9 GB)
chunk 22  2,000,000 rows  title 99.9%  abstract 100.0%  zero-norm    0  186s  (peak 17.9 GB)
chunk 23  2,000,000 rows  title 99.9%  abstract 99.9%  zero-norm    0  190s  (peak 17.9 GB)
chunk 24  1,478,768 rows  title 100.0%  abstract 100.0%  zero-norm    0  135s  (peak 17.9 GB)
chunk 25  2,000,000 rows  title 99.9%  abstract 99.9%  zero-norm    0  186s  (peak 17.9 GB)
chunk 26  2,000,000 rows  title 99.9%  abstract 99.5%  zero-norm    0  219s  (peak 19.3 GB)
chunk 27  1,885,507 rows  title 99.7%  abstract 99.9%  zero-norm    0  198s  (peak 21.9 GB)
chunk 28  2,000,000 rows  title 99.9%  abstract 100.0%  zero-norm    0  207s  (peak 22.2 GB)
chunk 29  2,000,000 rows  title 100.0%  abstract 99.9%  zero-norm    0  199s  (peak 22.2 GB)
chunk 30  2,000,000 rows  title 99.7%  abstract 99.9%  zero-norm    0  194s  (peak 22.2 GB)
chunk 31  2,000,000 rows  title 99.8%  abstract 99.9%  zero-norm    0  197s  (peak 22.2 GB)
chunk 32  2,000,000 rows  title 99.9%  abstract 99.9%  zero-norm    0  194s  (peak 22.2 GB)
chunk 33  2,000,000 rows  title 100.0%  abstract 100.0%  zero-norm    0  190s  (peak 22.2 GB)
chunk 34  1,965,577 rows  title 99.6%  abstract 99.7%  zero-norm    0  203s  (peak 22.2 GB)
chunk 35  2,000,000 rows  title 99.9%  abstract 99.9%  zero-norm    0  210s  (peak 22.2 GB)
chunk 36  2,000,000 rows  title 99.9%  abstract 99.9%  zero-norm    0  216s  (peak 22.2 GB)
chunk 37  1,638,022 rows  title 99.6%  abstract 99.8%  zero-norm    0  173s  (peak 22.2 GB)
chunk 38  1,759,695 rows  title 99.6%  abstract 99.9%  zero-norm    0  178s  (peak 22.2 GB)
chunk 39  2,000,000 rows  title 99.9%  abstract 99.9%  zero-norm    0  215s  (peak 22.2 GB)
chunk 40  2,000,000 rows  title 99.8%  abstract 99.9%  zero-norm    0  214s  (peak 22.2 GB)
chunk 41  1,414,017 rows  title 100.0%  abstract 100.0%  zero-norm    0  154s  (peak 22.2 GB)
chunk 42  2,000,000 rows  title 99.9%  abstract 99.9%  zero-norm    0  212s  (peak 22.2 GB)
chunk 43  2,000,000 rows  title 99.9%  abstract 99.9%  zero-norm    0  205s  (peak 22.2 GB)
chunk 44  2,000,000 rows  title 99.9%  abstract 99.9%  zero-norm    0  222s  (peak 22.2 GB)
chunk 46  2,000,000 rows  title 99.5%  abstract 99.9%  zero-norm    0  183s  (peak 22.2 GB)
chunk 47  2,000,000 rows  title 99.9%  abstract 99.9%  zero-norm    0  169s  (peak 22.2 GB)
chunk 48  1,577,751 rows  title 99.9%  abstract 99.9%  zero-norm    0  146s  (peak 22.2 GB)
chunk 49  2,000,000 rows  title 99.9%  abstract 99.9%  zero-norm    0  194s  (peak 22.2 GB)
chunk 50  2,000,000 rows  title 99.7%  abstract 99.9%  zero-norm    0  198s  (peak 22.2 GB)
chunk 51  2,000,000 rows  title 98.4%  abstract 99.9%  zero-norm    0  184s  (peak 22.2 GB)
chunk 52  2,000,000 rows  title 99.0%  abstract 99.9%  zero-norm    0  171s  (peak 22.2 GB)
chunk 53  2,000,000 rows  title 99.3%  abstract 99.8%  zero-norm    0  172s  (peak 22.2 GB)
chunk 54  2,145,974 rows  title 99.3%  abstract 99.9%  zero-norm    0  186s  (peak 22.2 GB)

53/53 chunks, 102,117,343 rows: title 99.8%, abstract 99.9%, 0 ids without the URL prefix, 0 zero-norm vectors in 164.7 minutes
