warning: vocabulary 'type': `visibility = "public"` with `value_set = "open"` publishes data-derived value names on nobody's authority (per-point-attributes §3.8, relaxed from a refusal to a warning by owner ruling 2026-08-07). Confirm this is intended
view 'knn': quantising against x [-18.047295265197754, 20.4786421585083], y [-18.525674991607666, 20.00026243209839]
        the data spans x [-17.66958999633789, 20.100936889648438], y [-13.0900297164917, 14.564617156982422] — 64252 x 47044 of the 65536 x 65536 cells
        102117343 point(s) placed, none on the frame's edge
schema: 6 column(s), 5.12 B/row against the 12 B fixed row (+43%)
        4.77 GiB per 10^9 items — unalterable without rewriting the corpus
        every column materialises in EVERY view — including ones whose items carry no value for it (§3.9). Per-view columns need contracts §2.6's per-view enumeration
stage       source_ids      2.49s  rows=102117343    peak=  1586 MiB
stage       dictionary     17.55s  rows=12           peak=  1833 MiB
build FAILED: invalid input: insufficient disk for this build: ~274545822083 bytes needed at peak (spill phase 612704058, band phase 1021173430, column phase 274545822083, assembly phase 3688989016; n = 102117343, pairs = 102117343, batches = 1), 257664073728 available at the output path; free disk and retry. Where the column phase's bytes are:
       1894 MiB  496511218 layer member row(s) at 4 B — the publication's own Roaring, while the level it is publishing is in flight
        779 MiB  the sorted source ids, 8 B/item (input.rs; released after the layer publication)
        389 MiB  the ordinal→entity map, 4 B/item
         64 MiB  slack for decode buffers, stage scratch and the allocator
     115536 MiB (mapped)  declared column 5 (text): 16 B/item of offset plus 113576 MiB of characters and 4 B/item of arena layout, in .build-tmp/
     115147 MiB (mapped)  the text index's sorted runs over column 5, charged at the column they are tokenised from
      10796 MiB (mapped)  declared column 4 (text): 16 B/item of offset plus 8836 MiB of characters and 4 B/item of arena layout, in .build-tmp/
      10406 MiB (mapped)  the text index's sorted runs over column 4, charged at the column they are tokenised from
       3788 MiB (mapped)  the member spill's runs and the table they merge into, at 8 B a member row, in .build-tmp/
       3415 MiB (mapped)  declared column 3 (keyword): 16 B/item of offset plus 1456 MiB of characters and 4 B/item of arena layout, in .build-tmp/
        947 MiB (mapped)  the published memberships the store reads back through the packed extent, at 2 B a member row
        401 MiB (mapped)  declared column 0 (i32): 4 B/item, in .build-tmp/
        109 MiB (mapped)  declared column 1 (u8): 1 B/item, in .build-tmp/
        109 MiB (mapped)  declared column 2 (bool): 1 B/item, in .build-tmp/
RUNG4EXIT=1
