cmd: /home/joe/code/tessera/probes/2026-09-02-value-suggestion/suggestprobe/target/release/suggestprobe arm3 /home/joe/code/tessera/data/ladder/probe-suggest 10000000 uniform
== arm3 uniform V=10000000
open: PostingsReader::open(10000000 records) median of 3: mmap 0.060s, read 0.341s (page-cache warm)
fixture: N=100000000 V=10000000; member counts read in 0.15s; 453 empty, 0 Roaring, max 31
-- candidate 1e-4 contiguous |cand|=10000
   setup (i) value column pass: roaring add 0.4 ms | bitset 0.3 ms | collect+sort+add_many 0.2 ms  → 9996 visible values
   setup (ii) all-postings pass: narrow 0.73 s | intersect 0.45 s   (73 ns / 45 ns per value)
   visible set bytes: roaring portable 21.2 KB (run-optimised 21.2 KB) | V bits 1250.0 KB | 4V bits 5000.0 KB  (density 0.100%)
   keystroke prefix 1: roaring reset_at_or_after n=1000 median 0.32 us  p99 4.99 us  mean 0.60 us  max 63.9 us | bitset scan median 0.51 us p99 0.94 us | page filled 990/1000 mean emitted 19.9
   keystroke prefix 2: roaring reset_at_or_after n=1000 median 1.49 us  p99 101.92 us  mean 5.08 us  max 290.5 us | bitset scan median 0.67 us p99 1.41 us | page filled 809/1000 mean emitted 17.7
   keystroke prefix 3: roaring reset_at_or_after n=1000 median 2.17 us  p99 119.09 us  mean 7.78 us  max 203.3 us | bitset scan median 0.52 us p99 1.37 us | page filled 212/1000 mean emitted 8.6
   keystroke prefix 4: roaring reset_at_or_after n=1000 median 2.00 us  p99 93.78 us  mean 6.33 us  max 150.8 us | bitset scan median 0.39 us p99 1.03 us | page filled 70/1000 mean emitted 3.8
-- candidate 1e-4 scattered |cand|=9860
   setup (i) value column pass: roaring add 1.8 ms | bitset 0.5 ms | collect+sort+add_many 0.3 ms  → 9856 visible values
   setup (ii) all-postings pass: narrow 4.40 s | intersect 4.02 s   (440 ns / 402 ns per value)
   visible set bytes: roaring portable 20.9 KB (run-optimised 20.9 KB) | V bits 1250.0 KB | 4V bits 5000.0 KB  (density 0.099%)
   keystroke prefix 1: roaring reset_at_or_after n=1000 median 0.32 us  p99 3.96 us  mean 0.44 us  max 9.4 us | bitset scan median 0.52 us p99 0.94 us | page filled 990/1000 mean emitted 19.9
   keystroke prefix 2: roaring reset_at_or_after n=1000 median 1.42 us  p99 4.54 us  mean 1.67 us  max 5.4 us | bitset scan median 0.66 us p99 1.10 us | page filled 806/1000 mean emitted 17.7
   keystroke prefix 3: roaring reset_at_or_after n=1000 median 2.56 us  p99 6.57 us  mean 2.65 us  max 9.6 us | bitset scan median 0.54 us p99 1.77 us | page filled 214/1000 mean emitted 8.6
   keystroke prefix 4: roaring reset_at_or_after n=1000 median 1.96 us  p99 3.54 us  mean 2.02 us  max 27.2 us | bitset scan median 0.41 us p99 0.88 us | page filled 65/1000 mean emitted 3.7
-- candidate 1e-3 contiguous |cand|=100000
   setup (i) value column pass: roaring add 5.9 ms | bitset 1.0 ms | collect+sort+add_many 1.7 ms  → 99490 visible values
   setup (ii) all-postings pass: narrow 0.75 s | intersect 0.52 s   (75 ns / 52 ns per value)
   visible set bytes: roaring portable 200.2 KB (run-optimised 200.2 KB) | V bits 1250.0 KB | 4V bits 5000.0 KB  (density 0.995%)
   keystroke prefix 1: roaring reset_at_or_after n=1000 median 0.38 us  p99 33.38 us  mean 1.47 us  max 125.4 us | bitset scan median 0.28 us p99 1.82 us | page filled 997/1000 mean emitted 20.0
   keystroke prefix 2: roaring reset_at_or_after n=1000 median 1.87 us  p99 96.52 us  mean 6.89 us  max 279.6 us | bitset scan median 0.64 us p99 3.46 us | page filled 961/1000 mean emitted 19.6
   keystroke prefix 3: roaring reset_at_or_after n=1000 median 2.77 us  p99 132.11 us  mean 11.40 us  max 340.0 us | bitset scan median 0.64 us p99 3.91 us | page filled 734/1000 mean emitted 16.7
   keystroke prefix 4: roaring reset_at_or_after n=1000 median 2.39 us  p99 76.14 us  mean 7.38 us  max 126.5 us | bitset scan median 0.51 us p99 2.05 us | page filled 360/1000 mean emitted 10.2
-- candidate 1e-3 scattered |cand|=99809
   setup (i) value column pass: roaring add 20.5 ms | bitset 9.2 ms | collect+sort+add_many 7.7 ms  → 99305 visible values
   setup (ii) all-postings pass: narrow 4.89 s | intersect 4.22 s   (489 ns / 422 ns per value)
   visible set bytes: roaring portable 199.8 KB (run-optimised 199.8 KB) | V bits 1250.0 KB | 4V bits 5000.0 KB  (density 0.993%)
   keystroke prefix 1: roaring reset_at_or_after n=1000 median 0.42 us  p99 5.91 us  mean 0.63 us  max 27.4 us | bitset scan median 0.34 us p99 0.89 us | page filled 998/1000 mean emitted 20.0
   keystroke prefix 2: roaring reset_at_or_after n=1000 median 1.20 us  p99 19.94 us  mean 1.90 us  max 50.4 us | bitset scan median 0.45 us p99 0.89 us | page filled 962/1000 mean emitted 19.6
   keystroke prefix 3: roaring reset_at_or_after n=1000 median 1.81 us  p99 20.43 us  mean 2.68 us  max 48.5 us | bitset scan median 0.48 us p99 0.98 us | page filled 736/1000 mean emitted 16.7
   keystroke prefix 4: roaring reset_at_or_after n=1000 median 1.78 us  p99 20.23 us  mean 2.46 us  max 50.6 us | bitset scan median 0.43 us p99 0.89 us | page filled 360/1000 mean emitted 10.2
-- candidate 1e-2 contiguous |cand|=1000000
   setup (i) value column pass: roaring add 76.0 ms | bitset 5.7 ms | collect+sort+add_many 20.9 ms  → 951496 visible values
   setup (ii) all-postings pass: narrow 0.92 s | intersect 0.52 s   (92 ns / 52 ns per value)
   visible set bytes: roaring portable 1253.9 KB (run-optimised 1253.9 KB) | V bits 1250.0 KB | 4V bits 5000.0 KB  (density 9.515%)
   keystroke prefix 1: roaring reset_at_or_after n=1000 median 0.34 us  p99 5.01 us  mean 0.47 us  max 9.9 us | bitset scan median 0.25 us p99 0.62 us | page filled 999/1000 mean emitted 20.0
   keystroke prefix 2: roaring reset_at_or_after n=1000 median 1.15 us  p99 4.56 us  mean 1.44 us  max 5.5 us | bitset scan median 0.37 us p99 0.69 us | page filled 995/1000 mean emitted 20.0
   keystroke prefix 3: roaring reset_at_or_after n=1000 median 1.88 us  p99 3.79 us  mean 1.93 us  max 13.5 us | bitset scan median 0.42 us p99 0.67 us | page filled 943/1000 mean emitted 19.3
   keystroke prefix 4: roaring reset_at_or_after n=1000 median 1.78 us  p99 3.15 us  mean 1.82 us  max 23.1 us | bitset scan median 0.41 us p99 0.70 us | page filled 710/1000 mean emitted 16.2
-- candidate 1e-2 scattered |cand|=999431
   setup (i) value column pass: roaring add 143.7 ms | bitset 40.2 ms | collect+sort+add_many 43.5 ms  → 951100 visible values
   setup (ii) all-postings pass: narrow 6.90 s | intersect 6.19 s   (690 ns / 619 ns per value)
   visible set bytes: roaring portable 1253.6 KB (run-optimised 1253.6 KB) | V bits 1250.0 KB | 4V bits 5000.0 KB  (density 9.511%)
   keystroke prefix 1: roaring reset_at_or_after n=1000 median 0.35 us  p99 3.76 us  mean 0.49 us  max 7.3 us | bitset scan median 0.24 us p99 0.59 us | page filled 999/1000 mean emitted 20.0
   keystroke prefix 2: roaring reset_at_or_after n=1000 median 1.16 us  p99 4.95 us  mean 1.50 us  max 27.1 us | bitset scan median 0.37 us p99 0.64 us | page filled 995/1000 mean emitted 20.0
   keystroke prefix 3: roaring reset_at_or_after n=1000 median 2.25 us  p99 4.30 us  mean 2.33 us  max 26.4 us | bitset scan median 0.43 us p99 0.75 us | page filled 941/1000 mean emitted 19.3
   keystroke prefix 4: roaring reset_at_or_after n=1000 median 2.09 us  p99 3.54 us  mean 2.25 us  max 30.5 us | bitset scan median 0.42 us p99 0.72 us | page filled 723/1000 mean emitted 16.2
-- candidate 1e-1 contiguous |cand|=10000000
   setup (i) value column pass: roaring add 307.8 ms | bitset 50.3 ms | collect+sort+add_many 224.6 ms  → 6321021 visible values
   setup (ii) all-postings pass: narrow 1.87 s | intersect 0.75 s   (187 ns / 75 ns per value)
   visible set bytes: roaring portable 1254.6 KB (run-optimised 1254.6 KB) | V bits 1250.0 KB | 4V bits 5000.0 KB  (density 63.210%)
   keystroke prefix 1: roaring reset_at_or_after n=1000 median 0.32 us  p99 3.66 us  mean 0.43 us  max 6.2 us | bitset scan median 0.25 us p99 0.54 us | page filled 1000/1000 mean emitted 20.0
   keystroke prefix 2: roaring reset_at_or_after n=1000 median 1.09 us  p99 4.29 us  mean 1.41 us  max 35.6 us | bitset scan median 0.36 us p99 0.57 us | page filled 1000/1000 mean emitted 20.0
   keystroke prefix 3: roaring reset_at_or_after n=1000 median 1.97 us  p99 3.96 us  mean 2.06 us  max 25.3 us | bitset scan median 0.44 us p99 0.76 us | page filled 986/1000 mean emitted 19.8
   keystroke prefix 4: roaring reset_at_or_after n=1000 median 1.89 us  p99 3.38 us  mean 1.93 us  max 14.1 us | bitset scan median 0.42 us p99 0.70 us | page filled 898/1000 mean emitted 18.7
-- candidate 1e-1 scattered |cand|=9999273
   setup (i) value column pass: roaring add 345.7 ms | bitset 67.9 ms | collect+sort+add_many 251.9 ms  → 6321158 visible values
   setup (ii) all-postings pass: narrow 7.19 s | intersect 3.88 s   (719 ns / 388 ns per value)
   visible set bytes: roaring portable 1254.6 KB (run-optimised 1254.6 KB) | V bits 1250.0 KB | 4V bits 5000.0 KB  (density 63.212%)
   keystroke prefix 1: roaring reset_at_or_after n=1000 median 0.32 us  p99 3.46 us  mean 0.43 us  max 7.3 us | bitset scan median 0.25 us p99 0.54 us | page filled 1000/1000 mean emitted 20.0
   keystroke prefix 2: roaring reset_at_or_after n=1000 median 1.10 us  p99 4.37 us  mean 1.39 us  max 5.9 us | bitset scan median 0.35 us p99 0.55 us | page filled 1000/1000 mean emitted 20.0
   keystroke prefix 3: roaring reset_at_or_after n=1000 median 1.96 us  p99 3.87 us  mean 2.03 us  max 14.2 us | bitset scan median 0.40 us p99 0.66 us | page filled 986/1000 mean emitted 19.8
   keystroke prefix 4: roaring reset_at_or_after n=1000 median 1.87 us  p99 3.35 us  mean 1.88 us  max 19.5 us | bitset scan median 0.40 us p99 0.65 us | page filled 895/1000 mean emitted 18.7
end: RSS 1975 MB peak 2022 MB heap 878 MB
