Running scope as unit: run-r984eaea5d557437294091469fefd8f94.scope
view 'geo': web_mercator, quantising against x [0, 1], y [0, 1]
        asked for lon [-180, 180], lat [-85.0511287798066, 85.0511287798066] — snapped outward to the square at z0 (0, 0), lon [-180, 180], lat [-85.05112877980659, 85.0511287798066]
        the data spans x [0, 1], y [0, 1] — 65536 x 65536 of the 65536 x 65536 cells
        3495729729 point(s) placed, none clamped onto the frame's edge
        66037 of 3495729729 point(s) (0.0%) CLIPPED at web_mercator's ±85.0511287798066° domain — stored on the frame's edge, not where they were written. Built anyway at any proportion: the domain is the projection's own boundary and no frame moves it, so a real tail beyond it is the wrong projection for this corpus rather than the wrong frame
schema: 5 column(s), 1.00 B/row against the 12 B fixed row (+8%)
        0.93 GiB per 10^9 items — unalterable without rewriting the corpus
        every column materialises in EVERY view — including ones whose items carry no value for it (§3.9). Per-view columns need contracts §2.6's per-view enumeration
tessera build: commit 22ba64448ec7c036bd0038730997cda77724739d
stage       source_ids    115.03s  rows=3495729729   peak=   671 MiB
stage       dictionary    173.70s  rows=254          peak=  1083 MiB
columns: 2 of 2 string column(s) spill their characters as record-blob extents, the entity-order stages modelling 218447 MiB of scratch against 463703 MiB free: specieskey (no room for its arena), scientificname (no room for its arena)
warning: this build's entity-order stages need at least 25872 MiB against a 26624 MiB budget, and that figure is a lower bound — it counts what the stages hold, not the readers and allocator around them (measured at roughly half the real peak). These stages do not batch. Where the bytes are:
       6655 MiB  290805077 member entr(ies) in one publication batch at 24 B — the publication's own Roaring, while the batch it is publishing is in flight (the largest level holds 3495729729)
       5000 MiB  the term images, over 4 worker(s): one term's posting, its image and the buffer it is frozen into, each at a bitset container per 65,536 values
       4096 MiB  the unique index spill, one column at a time
       2083 MiB  arrow's all-ones validity bitmaps over 5 column(s) at n/8 bytes each, alive together              while the columns.arrow layout is learnt
       1482 MiB  the artifact pass's (row, ordinal) partition: 128 MiB of writer buffers, one loaded bucket of 81931165 member entries at 8 B each and the 8 B keys it is sorted into, and the u32 window the list form counts its rows in
       1322 MiB  the segment assembly: a 128 MiB Morton histogram, the row partition's 257 MiB of writer buffers, and one bucket of 27310388 records held as the 12 B it was written at and the 24 B it is sorted as
       1011 MiB  the assembly's (entity, row) and 1 (row, value) partition(s): writer buffers, the loaded pairs bucket at 8 B a record, and one lane's bucket at up to 12 B a record, the window it is placed in and a byte a row saying which rows it filled
        904 MiB  the attribute join's 3 value partition(s): 128 MiB of writer buffers each, and one loaded bucket and window at the widest column's 12 B a record over the 27310388 records a bucket holds
        833 MiB  declared column 1 (keyword): the duplicate map over its extents, two whole-column Roaring bitmaps at 416 MiB apiece
        833 MiB  declared column 3 (keyword): the duplicate map over its extents, two whole-column Roaring bitmaps at 416 MiB apiece
        833 MiB  the two further whole-column Roaring bitmaps held while one spilled column's duplicate map is built, at 416 MiB apiece
        440 MiB  the keyword dictionary's (row, ordinal) partition: writer buffers, one loaded bucket at 8 B a record and the u32 window it is scattered into
        310 MiB  the term images' projection scratch, 77 MiB over 4 worker(s)
         64 MiB  slack for decode buffers, stage scratch and the allocator
      69730 MiB (mapped)  declared column 3 (keyword): 69730 MiB of extents in .build-tmp/, modelled at half the source's 106123 MiB of characters and their row framing
      40005 MiB (mapped)  the member spill's runs and the table they merge into, at an estimate of 4 B a member entry, in .build-tmp/
      30004 MiB (mapped)  the published memberships the store reads back through the packed extent, at an estimate of 3 B a member entry
      27450 MiB (mapped)  declared column 1 (keyword): 27450 MiB of extents in .build-tmp/, modelled at half the source's 21562 MiB of characters and their row framing
      27087 MiB (mapped)  declared column 4 (u64): 8 B/item, in .build-tmp/
      13335 MiB (mapped)  the ordinal→entity map, 4 B/item, in .build-tmp/
       7084 MiB (mapped)  declared column 2 (u16): 2 B/item, in .build-tmp/
       3750 MiB (mapped)  declared column 0 (u8): 1 B/item, in .build-tmp/
disk: ~572043 MiB at peak, in the assembly phase (spill 69176 MiB) (band 144871 MiB) (join 394038 MiB) (index 384828 MiB) (blob 367570 MiB) (assembly 572043 MiB)
warning: this build is forecast to need ~599831502487 bytes at peak, in the assembly phase (n = 3495729729, pairs = 3495729729, batches = 8), against 486228602880 available at the output path. The forecast is a model, not a measurement — each term below says whether it is an exact width, a ceiling or an estimate — so the build goes on. If it does run out, the error names the file it could not reserve and the partial bundle is swept. Where that phase's bytes are:
      97930 MiB  each view's segment, permutation and row→entity files, over 1 view(s)
      80010 MiB  the artifact pass's (row, ordinal) partition buckets, at 8 B a member entry of the largest layer, in .build-tmp/
      74731 MiB  the record blob: its blocks modelled at half the 106123 MiB of characters its columns carry and the 43339 MiB of row framing around them
      40005 MiB  the assembly's row partition, 12 B/row — (morton, residual, entity) in .build-tmp/, one view at a time
      40005 MiB  the unique index of 'gbifid', 12 B/item of key and entity
      40005 MiB  the artifact pass's row-column lanes, at a ceiling of 4 B an ordinal over the levels and the views each layer draws on
      30004 MiB  the published memberships the store reads back through the packed extent, at an estimate of 3 B a member entry
      29897 MiB  attribute 'specieskey': dict.bin, at a ceiling of the column's 21562 MiB of characters and 2.5 B a key over one key a row
      26670 MiB  the entity→term transpose, 4 B/item of offsets and a ceiling of 4 B/pair of terms
      26670 MiB  each view's geometry by ordinal, 8 B/item over 1 view(s), in .build-tmp/
      26670 MiB  the assembly's (entity, row) partition, 8 B/row, in .build-tmp/ — the permutation's and every render column's input
      16668 MiB  the assembly's 1 render (row, value) partition(s), 5 B/row in all, in .build-tmp/ — every lane filled by the one pass over the pairs
      13751 MiB  attribute 'specieskey': its value column at 4 B/item and its presence bitmap
      13335 MiB  the ordinal→entity map, 4 B/item, in .build-tmp/
       7084 MiB  attribute 'year': its value column at 2 B/item and its presence bitmap
       4852 MiB  postings.arrow, one record over each of 254 term(s) at its own row count — 8 B of Arrow offset and a tag each, then 4 B an entity below 32 of them and a ceiling of Roaring above
       3750 MiB  declared column 0 (u8): 1 B/item, in .build-tmp/
batching: 8 batches of <= 452984832 items (signature order is per-batch — §11.1 r23; recorded in provenance; a rebuild preserving this identity must replay it)
stage    geometry_read    402.95s  rows=3495729729   peak=  7974 MiB
stage       pairs_pack      0.09s  rows=3495729729   peak=  7974 MiB
stage   signature_sort     27.47s  rows=452984832    peak= 16790 MiB
stage       assignment    106.19s  rows=452984832    peak= 18189 MiB
stage   signature_sort     23.88s  rows=452984832    peak= 20555 MiB
stage       assignment     81.46s  rows=452984832    peak= 20555 MiB
stage   signature_sort     25.09s  rows=452984832    peak= 20555 MiB
stage       assignment    115.33s  rows=452984832    peak= 20555 MiB
stage   signature_sort     26.64s  rows=452984832    peak= 20555 MiB
stage       assignment    193.54s  rows=452984832    peak= 20555 MiB
stage   signature_sort     25.02s  rows=452984832    peak= 20555 MiB
stage       assignment    208.17s  rows=452984832    peak= 20555 MiB
stage   signature_sort     26.30s  rows=452984832    peak= 20555 MiB
stage       assignment    212.55s  rows=452984832    peak= 20555 MiB
stage   signature_sort     28.37s  rows=452984832    peak= 20555 MiB
stage       assignment    265.02s  rows=452984832    peak= 20555 MiB
stage   signature_sort     30.46s  rows=324835905    peak= 20555 MiB
stage       assignment    101.15s  rows=324835905    peak= 20555 MiB
stage       assignment      2.22s  rows=3495729729   peak= 20555 MiB
stage   postings_write     54.87s  rows=3495729729   peak= 20555 MiB
stage     external_ids      0.00s  rows=0            peak= 20555 MiB
attribute 'kingdom': 3,495,729,729 of 3,495,729,729 entities have a value
attribute 'specieskey': 3,221,136,771 of 3,495,729,729 entities have a value
attribute 'year': 3,407,218,226 of 3,495,729,729 entities have a value
attribute 'scientificname': 3,495,729,729 of 3,495,729,729 entities have a value
attribute 'gbifid': 3,495,729,729 of 3,495,729,729 entities have a value
        0 source row(s) named entities this build did not load, over the rows this build read (a --limit build prunes row groups before decoding them)
stage   attribute_tail   1832.26s  rows=3495729729   peak= 20555 MiB
layer 'taxonomy/tree': 1646192 artifact(s) created by keys in /home/joe/code/tessera/data/ladder/gbif/members-taxonomy.parquet that no artifacts source declares
layer 'taxonomy/tree': 64642703 of 3495729729 rows in /home/joe/code/tessera/data/ladder/gbif/members-taxonomy.parquet are in no artifact (a null key, or -1)
layers: publishing in batches of at most 290805077 member entr(ies), 24 B an entry against a 4th of the 26624 MiB budget
stage           layers   2000.65s  rows=1            peak= 27502 MiB
stage   unique_indexes    606.14s  rows=3495729729   peak= 28527 MiB
stage       text_index      0.00s  rows=0            peak= 29695 MiB
stage  filter_postings   1060.80s  rows=3495729729   peak= 29695 MiB
stage      record_blob   1155.70s  rows=3495729729   peak= 29695 MiB
stage   column_release      0.40s  rows=3495729729   peak= 29695 MiB
stage       tiler_sort    217.27s  rows=3495729729   peak= 29695 MiB
  view 'geo': 3495729729 rows, largest Morton bucket 27310377 rows over 129 buckets
stage    segment_write    614.52s  rows=3495729729   peak= 29695 MiB
artifact layouts, chosen from the bundle's own row space (1987949 ms):
  taxonomy/tree level 0 [geo]: 19876 artifact(s) with rows, 0.832 everywhere, 1379.2 blocks/artifact, disjoint — served column
  taxonomy/tree level 1 [geo]: 223342 artifact(s) with rows, 0.582 everywhere, 320.3 blocks/artifact, disjoint — served column
  taxonomy/tree level 2 [geo]: 1402974 artifact(s) with rows, 0.362 everywhere, 75.3 blocks/artifact, disjoint — served column
  wrote 0 tile index(es), 3 row-major column(s), 0 shape row form(s), 0 decomposition file(s)
  taxonomy/tree: 1646192 artifact(s) across 3 levels — what a response naming it carries at `levels: "all"`. Omitting `levels` serves the levels whose declared zoom range covers the request's depth:
    level 0 [geo]: 19876 artifact(s), zoom 0–5
    level 1 [geo]: 223342 artifact(s), zoom 4–10
    level 2 [geo]: 1402974 artifact(s), zoom 9–16
stage    artifact_pass   1988.16s  rows=3            peak= 29779 MiB
stage      term_images      9.72s  rows=252          peak= 29779 MiB
  wrote 3 containment partition(s)
stage    artifact_pass      0.13s  rows=3            peak= 29779 MiB
attribute 'specieskey': 1,398,425 distinct key(s) over 3,221,136,771 row(s) with a value, of 3,495,729,729 row(s); the index is 13.49 GB
stage        manifests     82.48s  rows=269103470637 peak= 29779 MiB
view 'geo': 3495729729 point(s) landed in 41899178 distinct cell(s) — 1.2% of them have a position of their own
view 'geo': RESOLUTION LOST — only 1.2% of these points have a position of their own, so points far apart in the source are stored at the same position and cannot be told apart. That is a frame far wider than the data it holds, unless the source's own positions genuinely coincide. Built anyway: every position written is correct, only coarse, and a pilot corpus, a deliberately wide frame or headroom for data still to arrive are all reasons to mean it. Write `extent = "auto"` to fit the frame to this data if it was not intended
view 'geo': term images: 252 kept of 254 terms, 10.92 MB payload, 10.16 KB table, largest 889.49 KB, 9.6 s
built /home/joe/code/tessera/data/ladder/gbif/bundle (v00000): 3495729729 items, 254 terms, 3495729729 pairs, 269103470637 bytes on disk, 1646192 artifact(s) minted, 64642703 unclustered member row(s)
  view geo: 3495729729 row(s)
